<?xml version="1.0" encoding="UTF-8"?>
<testsuites name="jest tests" tests="350" failures="0" time="246.945">
  <testsuite name="Service Tests" errors="0" failures="0" skipped="0" timestamp="2020-03-11T16:49:50" time="87.152" tests="5">
    <testcase classname="Service Tests Colaborador Service Service methods should find an element" name="Service Tests Colaborador Service Service methods should find an element" time="0.142">
    </testcase>
    <testcase classname="Service Tests Colaborador Service Service methods should create a Colaborador" name="Service Tests Colaborador Service Service methods should create a Colaborador" time="0.139">
    </testcase>
    <testcase classname="Service Tests Colaborador Service Service methods should update a Colaborador" name="Service Tests Colaborador Service Service methods should update a Colaborador" time="0.067">
    </testcase>
    <testcase classname="Service Tests Colaborador Service Service methods should return a list of Colaborador" name="Service Tests Colaborador Service Service methods should return a list of Colaborador" time="0.033">
    </testcase>
    <testcase classname="Service Tests Colaborador Service Service methods should delete a Colaborador" name="Service Tests Colaborador Service Service methods should delete a Colaborador" time="0.02">
    </testcase>
  </testsuite>
  <testsuite name="Component Tests" errors="0" failures="0" skipped="0" timestamp="2020-03-11T16:49:50" time="93.982" tests="12">
    <testcase classname="Component Tests JhiHealthCheckComponent baseName and subSystemName should return the basename when it has no sub system" name="Component Tests JhiHealthCheckComponent baseName and subSystemName should return the basename when it has no sub system" time="0.135">
    </testcase>
    <testcase classname="Component Tests JhiHealthCheckComponent baseName and subSystemName should return the basename when it has sub systems" name="Component Tests JhiHealthCheckComponent baseName and subSystemName should return the basename when it has sub systems" time="0.027">
    </testcase>
    <testcase classname="Component Tests JhiHealthCheckComponent baseName and subSystemName should return the sub system name" name="Component Tests JhiHealthCheckComponent baseName and subSystemName should return the sub system name" time="0.03">
    </testcase>
    <testcase classname="Component Tests JhiHealthCheckComponent baseName and subSystemName should return the subsystem when it has multiple keys" name="Component Tests JhiHealthCheckComponent baseName and subSystemName should return the subsystem when it has multiple keys" time="0.039">
    </testcase>
    <testcase classname="Component Tests JhiHealthCheckComponent transformHealthData should flatten empty health data" name="Component Tests JhiHealthCheckComponent transformHealthData should flatten empty health data" time="0.018">
    </testcase>
    <testcase classname="Component Tests JhiHealthCheckComponent transformHealthData should flatten health data with no subsystems" name="Component Tests JhiHealthCheckComponent transformHealthData should flatten health data with no subsystems" time="0.032">
    </testcase>
    <testcase classname="Component Tests JhiHealthCheckComponent transformHealthData should flatten health data with subsystems at level 1, main system has no additional information" name="Component Tests JhiHealthCheckComponent transformHealthData should flatten health data with subsystems at level 1, main system has no additional information" time="0.043">
    </testcase>
    <testcase classname="Component Tests JhiHealthCheckComponent transformHealthData should flatten health data with subsystems at level 1, main system has additional information" name="Component Tests JhiHealthCheckComponent transformHealthData should flatten health data with subsystems at level 1, main system has additional information" time="0.02">
    </testcase>
    <testcase classname="Component Tests JhiHealthCheckComponent transformHealthData should flatten health data with subsystems at level 1, main system has additional error" name="Component Tests JhiHealthCheckComponent transformHealthData should flatten health data with subsystems at level 1, main system has additional error" time="0.042">
    </testcase>
    <testcase classname="Component Tests JhiHealthCheckComponent getBadgeClass should get badge class" name="Component Tests JhiHealthCheckComponent getBadgeClass should get badge class" time="0.036">
    </testcase>
    <testcase classname="Component Tests JhiHealthCheckComponent refresh should call refresh on init" name="Component Tests JhiHealthCheckComponent refresh should call refresh on init" time="0.021">
    </testcase>
    <testcase classname="Component Tests JhiHealthCheckComponent refresh should handle a 503 on refreshing health data" name="Component Tests JhiHealthCheckComponent refresh should handle a 503 on refreshing health data" time="0.037">
    </testcase>
  </testsuite>
  <testsuite name="Service Tests" errors="0" failures="0" skipped="0" timestamp="2020-03-11T16:51:18" time="8.65" tests="5">
    <testcase classname="Service Tests PlanificacionAsistencia Service Service methods should find an element" name="Service Tests PlanificacionAsistencia Service Service methods should find an element" time="0.04">
    </testcase>
    <testcase classname="Service Tests PlanificacionAsistencia Service Service methods should create a PlanificacionAsistencia" name="Service Tests PlanificacionAsistencia Service Service methods should create a PlanificacionAsistencia" time="0.033">
    </testcase>
    <testcase classname="Service Tests PlanificacionAsistencia Service Service methods should update a PlanificacionAsistencia" name="Service Tests PlanificacionAsistencia Service Service methods should update a PlanificacionAsistencia" time="0.017">
    </testcase>
    <testcase classname="Service Tests PlanificacionAsistencia Service Service methods should return a list of PlanificacionAsistencia" name="Service Tests PlanificacionAsistencia Service Service methods should return a list of PlanificacionAsistencia" time="0.02">
    </testcase>
    <testcase classname="Service Tests PlanificacionAsistencia Service Service methods should delete a PlanificacionAsistencia" name="Service Tests PlanificacionAsistencia Service Service methods should delete a PlanificacionAsistencia" time="0.014">
    </testcase>
  </testsuite>
  <testsuite name="Component Tests" errors="0" failures="0" skipped="0" timestamp="2020-03-11T16:51:24" time="2.349" tests="5">
    <testcase classname="Component Tests LoginComponent should authenticate the user upon login when previous state was set" name="Component Tests LoginComponent should authenticate the user upon login when previous state was set" time="0.083">
    </testcase>
    <testcase classname="Component Tests LoginComponent should authenticate the user upon login when previous state was not set" name="Component Tests LoginComponent should authenticate the user upon login when previous state was not set" time="0.04">
    </testcase>
    <testcase classname="Component Tests LoginComponent should empty the credentials upon cancel" name="Component Tests LoginComponent should empty the credentials upon cancel" time="0.049">
    </testcase>
    <testcase classname="Component Tests LoginComponent should redirect user when register" name="Component Tests LoginComponent should redirect user when register" time="0.034">
    </testcase>
    <testcase classname="Component Tests LoginComponent should redirect user when request password" name="Component Tests LoginComponent should redirect user when request password" time="0.025">
    </testcase>
  </testsuite>
  <testsuite name="Service Tests" errors="0" failures="0" skipped="0" timestamp="2020-03-11T16:51:26" time="1.787" tests="5">
    <testcase classname="Service Tests Peticion Service Service methods should find an element" name="Service Tests Peticion Service Service methods should find an element" time="0.027">
    </testcase>
    <testcase classname="Service Tests Peticion Service Service methods should create a Peticion" name="Service Tests Peticion Service Service methods should create a Peticion" time="0.02">
    </testcase>
    <testcase classname="Service Tests Peticion Service Service methods should update a Peticion" name="Service Tests Peticion Service Service methods should update a Peticion" time="0.029">
    </testcase>
    <testcase classname="Service Tests Peticion Service Service methods should return a list of Peticion" name="Service Tests Peticion Service Service methods should return a list of Peticion" time="0.017">
    </testcase>
    <testcase classname="Service Tests Peticion Service Service methods should delete a Peticion" name="Service Tests Peticion Service Service methods should delete a Peticion" time="0.016">
    </testcase>
  </testsuite>
  <testsuite name="Component Tests" errors="0" failures="0" skipped="0" timestamp="2020-03-11T16:51:27" time="2.027" tests="7">
    <testcase classname="Component Tests Alert Error Component Error Handling Should display an alert on status 0" name="Component Tests Alert Error Component Error Handling Should display an alert on status 0" time="0.067">
    </testcase>
    <testcase classname="Component Tests Alert Error Component Error Handling Should display an alert on status 404" name="Component Tests Alert Error Component Error Handling Should display an alert on status 404" time="0.031">
    </testcase>
    <testcase classname="Component Tests Alert Error Component Error Handling Should display an alert on generic error" name="Component Tests Alert Error Component Error Handling Should display an alert on generic error" time="0.035">
    </testcase>
    <testcase classname="Component Tests Alert Error Component Error Handling Should display an alert on status 400 for generic error" name="Component Tests Alert Error Component Error Handling Should display an alert on status 400 for generic error" time="0.049">
    </testcase>
    <testcase classname="Component Tests Alert Error Component Error Handling Should display an alert on status 400 for generic error without message" name="Component Tests Alert Error Component Error Handling Should display an alert on status 400 for generic error without message" time="0.048">
    </testcase>
    <testcase classname="Component Tests Alert Error Component Error Handling Should display an alert on status 400 for invalid parameters" name="Component Tests Alert Error Component Error Handling Should display an alert on status 400 for invalid parameters" time="0.036">
    </testcase>
    <testcase classname="Component Tests Alert Error Component Error Handling Should display an alert on status 400 for error headers" name="Component Tests Alert Error Component Error Handling Should display an alert on status 400 for error headers" time="0.033">
    </testcase>
  </testsuite>
  <testsuite name="Service Tests" errors="0" failures="0" skipped="0" timestamp="2020-03-11T16:51:28" time="1.732" tests="5">
    <testcase classname="Service Tests AsignacionHorasExtras Service Service methods should find an element" name="Service Tests AsignacionHorasExtras Service Service methods should find an element" time="0.033">
    </testcase>
    <testcase classname="Service Tests AsignacionHorasExtras Service Service methods should create a AsignacionHorasExtras" name="Service Tests AsignacionHorasExtras Service Service methods should create a AsignacionHorasExtras" time="0.019">
    </testcase>
    <testcase classname="Service Tests AsignacionHorasExtras Service Service methods should update a AsignacionHorasExtras" name="Service Tests AsignacionHorasExtras Service Service methods should update a AsignacionHorasExtras" time="0.017">
    </testcase>
    <testcase classname="Service Tests AsignacionHorasExtras Service Service methods should return a list of AsignacionHorasExtras" name="Service Tests AsignacionHorasExtras Service Service methods should return a list of AsignacionHorasExtras" time="0.02">
    </testcase>
    <testcase classname="Service Tests AsignacionHorasExtras Service Service methods should delete a AsignacionHorasExtras" name="Service Tests AsignacionHorasExtras Service Service methods should delete a AsignacionHorasExtras" time="0.015">
    </testcase>
  </testsuite>
  <testsuite name="Service Tests" errors="0" failures="0" skipped="0" timestamp="2020-03-11T16:51:29" time="1.902" tests="5">
    <testcase classname="Service Tests AsistenciaHorasExtras Service Service methods should find an element" name="Service Tests AsistenciaHorasExtras Service Service methods should find an element" time="0.039">
    </testcase>
    <testcase classname="Service Tests AsistenciaHorasExtras Service Service methods should create a AsistenciaHorasExtras" name="Service Tests AsistenciaHorasExtras Service Service methods should create a AsistenciaHorasExtras" time="0.079">
    </testcase>
    <testcase classname="Service Tests AsistenciaHorasExtras Service Service methods should update a AsistenciaHorasExtras" name="Service Tests AsistenciaHorasExtras Service Service methods should update a AsistenciaHorasExtras" time="0.024">
    </testcase>
    <testcase classname="Service Tests AsistenciaHorasExtras Service Service methods should return a list of AsistenciaHorasExtras" name="Service Tests AsistenciaHorasExtras Service Service methods should return a list of AsistenciaHorasExtras" time="0.023">
    </testcase>
    <testcase classname="Service Tests AsistenciaHorasExtras Service Service methods should delete a AsistenciaHorasExtras" name="Service Tests AsistenciaHorasExtras Service Service methods should delete a AsistenciaHorasExtras" time="0.016">
    </testcase>
  </testsuite>
  <testsuite name="Service Tests" errors="0" failures="0" skipped="0" timestamp="2020-03-11T16:51:30" time="1.624" tests="5">
    <testcase classname="Service Tests Turno Service Service methods should find an element" name="Service Tests Turno Service Service methods should find an element" time="0.021">
    </testcase>
    <testcase classname="Service Tests Turno Service Service methods should create a Turno" name="Service Tests Turno Service Service methods should create a Turno" time="0.026">
    </testcase>
    <testcase classname="Service Tests Turno Service Service methods should update a Turno" name="Service Tests Turno Service Service methods should update a Turno" time="0.023">
    </testcase>
    <testcase classname="Service Tests Turno Service Service methods should return a list of Turno" name="Service Tests Turno Service Service methods should return a list of Turno" time="0.022">
    </testcase>
    <testcase classname="Service Tests Turno Service Service methods should delete a Turno" name="Service Tests Turno Service Service methods should delete a Turno" time="0.019">
    </testcase>
  </testsuite>
  <testsuite name="Service Tests" errors="0" failures="0" skipped="0" timestamp="2020-03-11T16:51:31" time="1.622" tests="5">
    <testcase classname="Service Tests ReporteAsistenciaHorasExtras Service Service methods should find an element" name="Service Tests ReporteAsistenciaHorasExtras Service Service methods should find an element" time="0.025">
    </testcase>
    <testcase classname="Service Tests ReporteAsistenciaHorasExtras Service Service methods should create a ReporteAsistenciaHorasExtras" name="Service Tests ReporteAsistenciaHorasExtras Service Service methods should create a ReporteAsistenciaHorasExtras" time="0.019">
    </testcase>
    <testcase classname="Service Tests ReporteAsistenciaHorasExtras Service Service methods should update a ReporteAsistenciaHorasExtras" name="Service Tests ReporteAsistenciaHorasExtras Service Service methods should update a ReporteAsistenciaHorasExtras" time="0.03">
    </testcase>
    <testcase classname="Service Tests ReporteAsistenciaHorasExtras Service Service methods should return a list of ReporteAsistenciaHorasExtras" name="Service Tests ReporteAsistenciaHorasExtras Service Service methods should return a list of ReporteAsistenciaHorasExtras" time="0.02">
    </testcase>
    <testcase classname="Service Tests ReporteAsistenciaHorasExtras Service Service methods should delete a ReporteAsistenciaHorasExtras" name="Service Tests ReporteAsistenciaHorasExtras Service Service methods should delete a ReporteAsistenciaHorasExtras" time="0.025">
    </testcase>
  </testsuite>
  <testsuite name="Service Tests" errors="0" failures="0" skipped="0" timestamp="2020-03-11T16:51:31" time="1.86" tests="5">
    <testcase classname="Service Tests PlaneacionSemanal Service Service methods should find an element" name="Service Tests PlaneacionSemanal Service Service methods should find an element" time="0.027">
    </testcase>
    <testcase classname="Service Tests PlaneacionSemanal Service Service methods should create a PlaneacionSemanal" name="Service Tests PlaneacionSemanal Service Service methods should create a PlaneacionSemanal" time="0.026">
    </testcase>
    <testcase classname="Service Tests PlaneacionSemanal Service Service methods should update a PlaneacionSemanal" name="Service Tests PlaneacionSemanal Service Service methods should update a PlaneacionSemanal" time="0.025">
    </testcase>
    <testcase classname="Service Tests PlaneacionSemanal Service Service methods should return a list of PlaneacionSemanal" name="Service Tests PlaneacionSemanal Service Service methods should return a list of PlaneacionSemanal" time="0.019">
    </testcase>
    <testcase classname="Service Tests PlaneacionSemanal Service Service methods should delete a PlaneacionSemanal" name="Service Tests PlaneacionSemanal Service Service methods should delete a PlaneacionSemanal" time="0.021">
    </testcase>
  </testsuite>
  <testsuite name="Service Tests" errors="0" failures="0" skipped="0" timestamp="2020-03-11T16:51:33" time="1.98" tests="5">
    <testcase classname="Service Tests Novedades Service Service methods should find an element" name="Service Tests Novedades Service Service methods should find an element" time="0.02">
    </testcase>
    <testcase classname="Service Tests Novedades Service Service methods should create a Novedades" name="Service Tests Novedades Service Service methods should create a Novedades" time="0.029">
    </testcase>
    <testcase classname="Service Tests Novedades Service Service methods should update a Novedades" name="Service Tests Novedades Service Service methods should update a Novedades" time="0.046">
    </testcase>
    <testcase classname="Service Tests Novedades Service Service methods should return a list of Novedades" name="Service Tests Novedades Service Service methods should return a list of Novedades" time="0.033">
    </testcase>
    <testcase classname="Service Tests Novedades Service Service methods should delete a Novedades" name="Service Tests Novedades Service Service methods should delete a Novedades" time="0.019">
    </testcase>
  </testsuite>
  <testsuite name="Service Tests" errors="0" failures="0" skipped="0" timestamp="2020-03-11T16:51:33" time="2.067" tests="5">
    <testcase classname="Service Tests IntercambioTurno Service Service methods should find an element" name="Service Tests IntercambioTurno Service Service methods should find an element" time="0.024">
    </testcase>
    <testcase classname="Service Tests IntercambioTurno Service Service methods should create a IntercambioTurno" name="Service Tests IntercambioTurno Service Service methods should create a IntercambioTurno" time="0.028">
    </testcase>
    <testcase classname="Service Tests IntercambioTurno Service Service methods should update a IntercambioTurno" name="Service Tests IntercambioTurno Service Service methods should update a IntercambioTurno" time="0.02">
    </testcase>
    <testcase classname="Service Tests IntercambioTurno Service Service methods should return a list of IntercambioTurno" name="Service Tests IntercambioTurno Service Service methods should return a list of IntercambioTurno" time="0.022">
    </testcase>
    <testcase classname="Service Tests IntercambioTurno Service Service methods should delete a IntercambioTurno" name="Service Tests IntercambioTurno Service Service methods should delete a IntercambioTurno" time="0.021">
    </testcase>
  </testsuite>
  <testsuite name="Service Tests" errors="0" failures="0" skipped="0" timestamp="2020-03-11T16:51:35" time="2.091" tests="5">
    <testcase classname="Service Tests ReporteAsistencia Service Service methods should find an element" name="Service Tests ReporteAsistencia Service Service methods should find an element" time="0.031">
    </testcase>
    <testcase classname="Service Tests ReporteAsistencia Service Service methods should create a ReporteAsistencia" name="Service Tests ReporteAsistencia Service Service methods should create a ReporteAsistencia" time="0.021">
    </testcase>
    <testcase classname="Service Tests ReporteAsistencia Service Service methods should update a ReporteAsistencia" name="Service Tests ReporteAsistencia Service Service methods should update a ReporteAsistencia" time="0.018">
    </testcase>
    <testcase classname="Service Tests ReporteAsistencia Service Service methods should return a list of ReporteAsistencia" name="Service Tests ReporteAsistencia Service Service methods should return a list of ReporteAsistencia" time="0.026">
    </testcase>
    <testcase classname="Service Tests ReporteAsistencia Service Service methods should delete a ReporteAsistencia" name="Service Tests ReporteAsistencia Service Service methods should delete a ReporteAsistencia" time="0.014">
    </testcase>
  </testsuite>
  <testsuite name="Service Tests" errors="0" failures="0" skipped="0" timestamp="2020-03-11T16:51:35" time="1.622" tests="5">
    <testcase classname="Service Tests Asistencia Service Service methods should find an element" name="Service Tests Asistencia Service Service methods should find an element" time="0.036">
    </testcase>
    <testcase classname="Service Tests Asistencia Service Service methods should create a Asistencia" name="Service Tests Asistencia Service Service methods should create a Asistencia" time="0.027">
    </testcase>
    <testcase classname="Service Tests Asistencia Service Service methods should update a Asistencia" name="Service Tests Asistencia Service Service methods should update a Asistencia" time="0.022">
    </testcase>
    <testcase classname="Service Tests Asistencia Service Service methods should return a list of Asistencia" name="Service Tests Asistencia Service Service methods should return a list of Asistencia" time="0.027">
    </testcase>
    <testcase classname="Service Tests Asistencia Service Service methods should delete a Asistencia" name="Service Tests Asistencia Service Service methods should delete a Asistencia" time="0.028">
    </testcase>
  </testsuite>
  <testsuite name="Service Tests" errors="0" failures="0" skipped="0" timestamp="2020-03-11T16:51:37" time="2.118" tests="5">
    <testcase classname="Service Tests DevengoNomina Service Service methods should find an element" name="Service Tests DevengoNomina Service Service methods should find an element" time="0.027">
    </testcase>
    <testcase classname="Service Tests DevengoNomina Service Service methods should create a DevengoNomina" name="Service Tests DevengoNomina Service Service methods should create a DevengoNomina" time="0.017">
    </testcase>
    <testcase classname="Service Tests DevengoNomina Service Service methods should update a DevengoNomina" name="Service Tests DevengoNomina Service Service methods should update a DevengoNomina" time="0.02">
    </testcase>
    <testcase classname="Service Tests DevengoNomina Service Service methods should return a list of DevengoNomina" name="Service Tests DevengoNomina Service Service methods should return a list of DevengoNomina" time="0.015">
    </testcase>
    <testcase classname="Service Tests DevengoNomina Service Service methods should delete a DevengoNomina" name="Service Tests DevengoNomina Service Service methods should delete a DevengoNomina" time="0.017">
    </testcase>
  </testsuite>
  <testsuite name="Service Tests" errors="0" failures="0" skipped="0" timestamp="2020-03-11T16:51:37" time="1.983" tests="5">
    <testcase classname="Service Tests AsignacionTurno Service Service methods should find an element" name="Service Tests AsignacionTurno Service Service methods should find an element" time="0.035">
    </testcase>
    <testcase classname="Service Tests AsignacionTurno Service Service methods should create a AsignacionTurno" name="Service Tests AsignacionTurno Service Service methods should create a AsignacionTurno" time="0.018">
    </testcase>
    <testcase classname="Service Tests AsignacionTurno Service Service methods should update a AsignacionTurno" name="Service Tests AsignacionTurno Service Service methods should update a AsignacionTurno" time="0.025">
    </testcase>
    <testcase classname="Service Tests AsignacionTurno Service Service methods should return a list of AsignacionTurno" name="Service Tests AsignacionTurno Service Service methods should return a list of AsignacionTurno" time="0.023">
    </testcase>
    <testcase classname="Service Tests AsignacionTurno Service Service methods should delete a AsignacionTurno" name="Service Tests AsignacionTurno Service Service methods should delete a AsignacionTurno" time="0.015">
    </testcase>
  </testsuite>
  <testsuite name="Component Tests" errors="0" failures="0" skipped="0" timestamp="2020-03-11T16:51:39" time="2.035" tests="5">
    <testcase classname="Component Tests RegisterComponent should ensure the two passwords entered match" name="Component Tests RegisterComponent should ensure the two passwords entered match" time="0.064">
    </testcase>
    <testcase classname="Component Tests RegisterComponent should update success to OK after creating an account" name="Component Tests RegisterComponent should update success to OK after creating an account" time="0.045">
    </testcase>
    <testcase classname="Component Tests RegisterComponent should notify of user existence upon 400/login already in use" name="Component Tests RegisterComponent should notify of user existence upon 400/login already in use" time="0.032">
    </testcase>
    <testcase classname="Component Tests RegisterComponent should notify of email existence upon 400/email address already in use" name="Component Tests RegisterComponent should notify of email existence upon 400/email address already in use" time="0.034">
    </testcase>
    <testcase classname="Component Tests RegisterComponent should notify of generic error" name="Component Tests RegisterComponent should notify of generic error" time="0.047">
    </testcase>
  </testsuite>
  <testsuite name="Component Tests" errors="0" failures="0" skipped="0" timestamp="2020-03-11T16:51:39" time="2.801" tests="6">
    <testcase classname="Component Tests PlanificacionAsistencia Management Component Should call load all on init" name="Component Tests PlanificacionAsistencia Management Component Should call load all on init" time="0.108">
    </testcase>
    <testcase classname="Component Tests PlanificacionAsistencia Management Component should load a page" name="Component Tests PlanificacionAsistencia Management Component should load a page" time="0.053">
    </testcase>
    <testcase classname="Component Tests PlanificacionAsistencia Management Component should not load a page is the page is the same as the previous page" name="Component Tests PlanificacionAsistencia Management Component should not load a page is the page is the same as the previous page" time="0.052">
    </testcase>
    <testcase classname="Component Tests PlanificacionAsistencia Management Component should re-initialize the page" name="Component Tests PlanificacionAsistencia Management Component should re-initialize the page" time="0.037">
    </testcase>
    <testcase classname="Component Tests PlanificacionAsistencia Management Component should calculate the sort attribute for an id" name="Component Tests PlanificacionAsistencia Management Component should calculate the sort attribute for an id" time="0.036">
    </testcase>
    <testcase classname="Component Tests PlanificacionAsistencia Management Component should calculate the sort attribute for a non-id attribute" name="Component Tests PlanificacionAsistencia Management Component should calculate the sort attribute for a non-id attribute" time="0.032">
    </testcase>
  </testsuite>
  <testsuite name="Component Tests" errors="0" failures="0" skipped="0" timestamp="2020-03-11T16:51:41" time="2.02" tests="6">
    <testcase classname="Component Tests AsistenciaHorasExtras Management Component Should call load all on init" name="Component Tests AsistenciaHorasExtras Management Component Should call load all on init" time="0.079">
    </testcase>
    <testcase classname="Component Tests AsistenciaHorasExtras Management Component should load a page" name="Component Tests AsistenciaHorasExtras Management Component should load a page" time="0.038">
    </testcase>
    <testcase classname="Component Tests AsistenciaHorasExtras Management Component should not load a page is the page is the same as the previous page" name="Component Tests AsistenciaHorasExtras Management Component should not load a page is the page is the same as the previous page" time="0.046">
    </testcase>
    <testcase classname="Component Tests AsistenciaHorasExtras Management Component should re-initialize the page" name="Component Tests AsistenciaHorasExtras Management Component should re-initialize the page" time="0.05">
    </testcase>
    <testcase classname="Component Tests AsistenciaHorasExtras Management Component should calculate the sort attribute for an id" name="Component Tests AsistenciaHorasExtras Management Component should calculate the sort attribute for an id" time="0.048">
    </testcase>
    <testcase classname="Component Tests AsistenciaHorasExtras Management Component should calculate the sort attribute for a non-id attribute" name="Component Tests AsistenciaHorasExtras Management Component should calculate the sort attribute for a non-id attribute" time="0.04">
    </testcase>
  </testsuite>
  <testsuite name="Component Tests" errors="0" failures="0" skipped="0" timestamp="2020-03-11T16:51:42" time="2.554" tests="6">
    <testcase classname="Component Tests AuditsComponent today function  should set toDate to current date" name="Component Tests AuditsComponent today function  should set toDate to current date" time="0.059">
    </testcase>
    <testcase classname="Component Tests AuditsComponent previousMonth function  should set fromDate to current date" name="Component Tests AuditsComponent previousMonth function  should set fromDate to current date" time="0.029">
    </testcase>
    <testcase classname="Component Tests AuditsComponent By default, on init should set all default values correctly" name="Component Tests AuditsComponent By default, on init should set all default values correctly" time="0.04">
    </testcase>
    <testcase classname="Component Tests AuditsComponent OnInit Should call load all on init" name="Component Tests AuditsComponent OnInit Should call load all on init" time="0.037">
    </testcase>
    <testcase classname="Component Tests AuditsComponent Create sort object Should sort only by id asc" name="Component Tests AuditsComponent Create sort object Should sort only by id asc" time="0.042">
    </testcase>
    <testcase classname="Component Tests AuditsComponent Create sort object Should sort by timestamp asc then by id" name="Component Tests AuditsComponent Create sort object Should sort by timestamp asc then by id" time="0.037">
    </testcase>
  </testsuite>
  <testsuite name="Component Tests" errors="0" failures="0" skipped="0" timestamp="2020-03-11T16:51:43" time="1.881" tests="6">
    <testcase classname="Component Tests PlaneacionSemanal Management Component Should call load all on init" name="Component Tests PlaneacionSemanal Management Component Should call load all on init" time="0.073">
    </testcase>
    <testcase classname="Component Tests PlaneacionSemanal Management Component should load a page" name="Component Tests PlaneacionSemanal Management Component should load a page" time="0.054">
    </testcase>
    <testcase classname="Component Tests PlaneacionSemanal Management Component should not load a page is the page is the same as the previous page" name="Component Tests PlaneacionSemanal Management Component should not load a page is the page is the same as the previous page" time="0.051">
    </testcase>
    <testcase classname="Component Tests PlaneacionSemanal Management Component should re-initialize the page" name="Component Tests PlaneacionSemanal Management Component should re-initialize the page" time="0.075">
    </testcase>
    <testcase classname="Component Tests PlaneacionSemanal Management Component should calculate the sort attribute for an id" name="Component Tests PlaneacionSemanal Management Component should calculate the sort attribute for an id" time="0.036">
    </testcase>
    <testcase classname="Component Tests PlaneacionSemanal Management Component should calculate the sort attribute for a non-id attribute" name="Component Tests PlaneacionSemanal Management Component should calculate the sort attribute for a non-id attribute" time="0.044">
    </testcase>
  </testsuite>
  <testsuite name="Component Tests" errors="0" failures="0" skipped="0" timestamp="2020-03-11T16:51:45" time="1.943" tests="6">
    <testcase classname="Component Tests ReporteAsistencia Management Component Should call load all on init" name="Component Tests ReporteAsistencia Management Component Should call load all on init" time="0.052">
    </testcase>
    <testcase classname="Component Tests ReporteAsistencia Management Component should load a page" name="Component Tests ReporteAsistencia Management Component should load a page" time="0.048">
    </testcase>
    <testcase classname="Component Tests ReporteAsistencia Management Component should not load a page is the page is the same as the previous page" name="Component Tests ReporteAsistencia Management Component should not load a page is the page is the same as the previous page" time="0.052">
    </testcase>
    <testcase classname="Component Tests ReporteAsistencia Management Component should re-initialize the page" name="Component Tests ReporteAsistencia Management Component should re-initialize the page" time="0.045">
    </testcase>
    <testcase classname="Component Tests ReporteAsistencia Management Component should calculate the sort attribute for an id" name="Component Tests ReporteAsistencia Management Component should calculate the sort attribute for an id" time="0.034">
    </testcase>
    <testcase classname="Component Tests ReporteAsistencia Management Component should calculate the sort attribute for a non-id attribute" name="Component Tests ReporteAsistencia Management Component should calculate the sort attribute for a non-id attribute" time="0.029">
    </testcase>
  </testsuite>
  <testsuite name="Component Tests" errors="0" failures="0" skipped="0" timestamp="2020-03-11T16:51:45" time="2.035" tests="6">
    <testcase classname="Component Tests IntercambioTurno Management Component Should call load all on init" name="Component Tests IntercambioTurno Management Component Should call load all on init" time="0.073">
    </testcase>
    <testcase classname="Component Tests IntercambioTurno Management Component should load a page" name="Component Tests IntercambioTurno Management Component should load a page" time="0.054">
    </testcase>
    <testcase classname="Component Tests IntercambioTurno Management Component should not load a page is the page is the same as the previous page" name="Component Tests IntercambioTurno Management Component should not load a page is the page is the same as the previous page" time="0.041">
    </testcase>
    <testcase classname="Component Tests IntercambioTurno Management Component should re-initialize the page" name="Component Tests IntercambioTurno Management Component should re-initialize the page" time="0.05">
    </testcase>
    <testcase classname="Component Tests IntercambioTurno Management Component should calculate the sort attribute for an id" name="Component Tests IntercambioTurno Management Component should calculate the sort attribute for an id" time="0.037">
    </testcase>
    <testcase classname="Component Tests IntercambioTurno Management Component should calculate the sort attribute for a non-id attribute" name="Component Tests IntercambioTurno Management Component should calculate the sort attribute for a non-id attribute" time="0.047">
    </testcase>
  </testsuite>
  <testsuite name="Component Tests" errors="0" failures="0" skipped="0" timestamp="2020-03-11T16:51:47" time="2.159" tests="5">
    <testcase classname="Component Tests PasswordResetFinishComponent should define its initial state" name="Component Tests PasswordResetFinishComponent should define its initial state" time="0.047">
    </testcase>
    <testcase classname="Component Tests PasswordResetFinishComponent sets focus after the view has been initialized" name="Component Tests PasswordResetFinishComponent sets focus after the view has been initialized" time="0.039">
    </testcase>
    <testcase classname="Component Tests PasswordResetFinishComponent should ensure the two passwords entered match" name="Component Tests PasswordResetFinishComponent should ensure the two passwords entered match" time="0.037">
    </testcase>
    <testcase classname="Component Tests PasswordResetFinishComponent should update success to OK after resetting password" name="Component Tests PasswordResetFinishComponent should update success to OK after resetting password" time="0.03">
    </testcase>
    <testcase classname="Component Tests PasswordResetFinishComponent should notify of generic error" name="Component Tests PasswordResetFinishComponent should notify of generic error" time="0.022">
    </testcase>
  </testsuite>
  <testsuite name="Component Tests" errors="0" failures="0" skipped="0" timestamp="2020-03-11T16:51:47" time="2.24" tests="5">
    <testcase classname="Component Tests PasswordResetInitComponent should define its initial state" name="Component Tests PasswordResetInitComponent should define its initial state" time="0.044">
    </testcase>
    <testcase classname="Component Tests PasswordResetInitComponent sets focus after the view has been initialized" name="Component Tests PasswordResetInitComponent sets focus after the view has been initialized" time="0.043">
    </testcase>
    <testcase classname="Component Tests PasswordResetInitComponent notifies of success upon successful requestReset" name="Component Tests PasswordResetInitComponent notifies of success upon successful requestReset" time="0.033">
    </testcase>
    <testcase classname="Component Tests PasswordResetInitComponent notifies of unknown email upon email address not registered/400" name="Component Tests PasswordResetInitComponent notifies of unknown email upon email address not registered/400" time="0.035">
    </testcase>
    <testcase classname="Component Tests PasswordResetInitComponent notifies of error upon error response" name="Component Tests PasswordResetInitComponent notifies of error upon error response" time="0.031">
    </testcase>
  </testsuite>
  <testsuite name="Component Tests" errors="0" failures="0" skipped="0" timestamp="2020-03-11T16:51:49" time="2.685" tests="6">
    <testcase classname="Component Tests Antecedentes Management Component Should call load all on init" name="Component Tests Antecedentes Management Component Should call load all on init" time="0.054">
    </testcase>
    <testcase classname="Component Tests Antecedentes Management Component should load a page" name="Component Tests Antecedentes Management Component should load a page" time="0.054">
    </testcase>
    <testcase classname="Component Tests Antecedentes Management Component should not load a page is the page is the same as the previous page" name="Component Tests Antecedentes Management Component should not load a page is the page is the same as the previous page" time="0.042">
    </testcase>
    <testcase classname="Component Tests Antecedentes Management Component should re-initialize the page" name="Component Tests Antecedentes Management Component should re-initialize the page" time="0.04">
    </testcase>
    <testcase classname="Component Tests Antecedentes Management Component should calculate the sort attribute for an id" name="Component Tests Antecedentes Management Component should calculate the sort attribute for an id" time="0.042">
    </testcase>
    <testcase classname="Component Tests Antecedentes Management Component should calculate the sort attribute for a non-id attribute" name="Component Tests Antecedentes Management Component should calculate the sort attribute for a non-id attribute" time="0.028">
    </testcase>
  </testsuite>
  <testsuite name="Component Tests" errors="0" failures="0" skipped="0" timestamp="2020-03-11T16:51:49" time="2.661" tests="6">
    <testcase classname="Component Tests CentroCosto Management Component Should call load all on init" name="Component Tests CentroCosto Management Component Should call load all on init" time="0.08">
    </testcase>
    <testcase classname="Component Tests CentroCosto Management Component should load a page" name="Component Tests CentroCosto Management Component should load a page" time="0.053">
    </testcase>
    <testcase classname="Component Tests CentroCosto Management Component should not load a page is the page is the same as the previous page" name="Component Tests CentroCosto Management Component should not load a page is the page is the same as the previous page" time="0.049">
    </testcase>
    <testcase classname="Component Tests CentroCosto Management Component should re-initialize the page" name="Component Tests CentroCosto Management Component should re-initialize the page" time="0.058">
    </testcase>
    <testcase classname="Component Tests CentroCosto Management Component should calculate the sort attribute for an id" name="Component Tests CentroCosto Management Component should calculate the sort attribute for an id" time="0.035">
    </testcase>
    <testcase classname="Component Tests CentroCosto Management Component should calculate the sort attribute for a non-id attribute" name="Component Tests CentroCosto Management Component should calculate the sort attribute for a non-id attribute" time="0.043">
    </testcase>
  </testsuite>
  <testsuite name="Component Tests" errors="0" failures="0" skipped="0" timestamp="2020-03-11T16:51:52" time="2.036" tests="6">
    <testcase classname="Component Tests Colaborador Management Component Should call load all on init" name="Component Tests Colaborador Management Component Should call load all on init" time="0.085">
    </testcase>
    <testcase classname="Component Tests Colaborador Management Component should load a page" name="Component Tests Colaborador Management Component should load a page" time="0.071">
    </testcase>
    <testcase classname="Component Tests Colaborador Management Component should not load a page is the page is the same as the previous page" name="Component Tests Colaborador Management Component should not load a page is the page is the same as the previous page" time="0.067">
    </testcase>
    <testcase classname="Component Tests Colaborador Management Component should re-initialize the page" name="Component Tests Colaborador Management Component should re-initialize the page" time="0.04">
    </testcase>
    <testcase classname="Component Tests Colaborador Management Component should calculate the sort attribute for an id" name="Component Tests Colaborador Management Component should calculate the sort attribute for an id" time="0.047">
    </testcase>
    <testcase classname="Component Tests Colaborador Management Component should calculate the sort attribute for a non-id attribute" name="Component Tests Colaborador Management Component should calculate the sort attribute for a non-id attribute" time="0.039">
    </testcase>
  </testsuite>
  <testsuite name="Component Tests" errors="0" failures="0" skipped="0" timestamp="2020-03-11T16:51:52" time="1.936" tests="6">
    <testcase classname="Component Tests Asistencia Management Component Should call load all on init" name="Component Tests Asistencia Management Component Should call load all on init" time="0.058">
    </testcase>
    <testcase classname="Component Tests Asistencia Management Component should load a page" name="Component Tests Asistencia Management Component should load a page" time="0.038">
    </testcase>
    <testcase classname="Component Tests Asistencia Management Component should not load a page is the page is the same as the previous page" name="Component Tests Asistencia Management Component should not load a page is the page is the same as the previous page" time="0.056">
    </testcase>
    <testcase classname="Component Tests Asistencia Management Component should re-initialize the page" name="Component Tests Asistencia Management Component should re-initialize the page" time="0.047">
    </testcase>
    <testcase classname="Component Tests Asistencia Management Component should calculate the sort attribute for an id" name="Component Tests Asistencia Management Component should calculate the sort attribute for an id" time="0.044">
    </testcase>
    <testcase classname="Component Tests Asistencia Management Component should calculate the sort attribute for a non-id attribute" name="Component Tests Asistencia Management Component should calculate the sort attribute for a non-id attribute" time="0.067">
    </testcase>
  </testsuite>
  <testsuite name="Component Tests" errors="0" failures="0" skipped="0" timestamp="2020-03-11T16:51:54" time="1.966" tests="6">
    <testcase classname="Component Tests Novedades Management Component Should call load all on init" name="Component Tests Novedades Management Component Should call load all on init" time="0.06">
    </testcase>
    <testcase classname="Component Tests Novedades Management Component should load a page" name="Component Tests Novedades Management Component should load a page" time="0.054">
    </testcase>
    <testcase classname="Component Tests Novedades Management Component should not load a page is the page is the same as the previous page" name="Component Tests Novedades Management Component should not load a page is the page is the same as the previous page" time="0.042">
    </testcase>
    <testcase classname="Component Tests Novedades Management Component should re-initialize the page" name="Component Tests Novedades Management Component should re-initialize the page" time="0.032">
    </testcase>
    <testcase classname="Component Tests Novedades Management Component should calculate the sort attribute for an id" name="Component Tests Novedades Management Component should calculate the sort attribute for an id" time="0.048">
    </testcase>
    <testcase classname="Component Tests Novedades Management Component should calculate the sort attribute for a non-id attribute" name="Component Tests Novedades Management Component should calculate the sort attribute for a non-id attribute" time="0.057">
    </testcase>
  </testsuite>
  <testsuite name="Component Tests" errors="0" failures="0" skipped="0" timestamp="2020-03-11T16:51:54" time="1.957" tests="6">
    <testcase classname="Component Tests Peticion Management Component Should call load all on init" name="Component Tests Peticion Management Component Should call load all on init" time="0.07">
    </testcase>
    <testcase classname="Component Tests Peticion Management Component should load a page" name="Component Tests Peticion Management Component should load a page" time="0.058">
    </testcase>
    <testcase classname="Component Tests Peticion Management Component should not load a page is the page is the same as the previous page" name="Component Tests Peticion Management Component should not load a page is the page is the same as the previous page" time="0.047">
    </testcase>
    <testcase classname="Component Tests Peticion Management Component should re-initialize the page" name="Component Tests Peticion Management Component should re-initialize the page" time="0.042">
    </testcase>
    <testcase classname="Component Tests Peticion Management Component should calculate the sort attribute for an id" name="Component Tests Peticion Management Component should calculate the sort attribute for an id" time="0.057">
    </testcase>
    <testcase classname="Component Tests Peticion Management Component should calculate the sort attribute for a non-id attribute" name="Component Tests Peticion Management Component should calculate the sort attribute for a non-id attribute" time="0.055">
    </testcase>
  </testsuite>
  <testsuite name="Component Tests" errors="0" failures="0" skipped="0" timestamp="2020-03-11T16:51:56" time="2.148" tests="6">
    <testcase classname="Component Tests Turno Management Component Should call load all on init" name="Component Tests Turno Management Component Should call load all on init" time="0.068">
    </testcase>
    <testcase classname="Component Tests Turno Management Component should load a page" name="Component Tests Turno Management Component should load a page" time="0.037">
    </testcase>
    <testcase classname="Component Tests Turno Management Component should not load a page is the page is the same as the previous page" name="Component Tests Turno Management Component should not load a page is the page is the same as the previous page" time="0.05">
    </testcase>
    <testcase classname="Component Tests Turno Management Component should re-initialize the page" name="Component Tests Turno Management Component should re-initialize the page" time="0.054">
    </testcase>
    <testcase classname="Component Tests Turno Management Component should calculate the sort attribute for an id" name="Component Tests Turno Management Component should calculate the sort attribute for an id" time="0.037">
    </testcase>
    <testcase classname="Component Tests Turno Management Component should calculate the sort attribute for a non-id attribute" name="Component Tests Turno Management Component should calculate the sort attribute for a non-id attribute" time="0.036">
    </testcase>
  </testsuite>
  <testsuite name="Component Tests" errors="0" failures="0" skipped="0" timestamp="2020-03-11T16:51:56" time="2.83" tests="6">
    <testcase classname="Component Tests Cargo Management Component Should call load all on init" name="Component Tests Cargo Management Component Should call load all on init" time="0.07">
    </testcase>
    <testcase classname="Component Tests Cargo Management Component should load a page" name="Component Tests Cargo Management Component should load a page" time="0.069">
    </testcase>
    <testcase classname="Component Tests Cargo Management Component should not load a page is the page is the same as the previous page" name="Component Tests Cargo Management Component should not load a page is the page is the same as the previous page" time="0.046">
    </testcase>
    <testcase classname="Component Tests Cargo Management Component should re-initialize the page" name="Component Tests Cargo Management Component should re-initialize the page" time="0.039">
    </testcase>
    <testcase classname="Component Tests Cargo Management Component should calculate the sort attribute for an id" name="Component Tests Cargo Management Component should calculate the sort attribute for an id" time="0.031">
    </testcase>
    <testcase classname="Component Tests Cargo Management Component should calculate the sort attribute for a non-id attribute" name="Component Tests Cargo Management Component should calculate the sort attribute for a non-id attribute" time="0.046">
    </testcase>
  </testsuite>
  <testsuite name="Service Tests" errors="0" failures="0" skipped="0" timestamp="2020-03-11T16:51:58" time="1.221" tests="5">
    <testcase classname="Service Tests CentroCosto Service Service methods should find an element" name="Service Tests CentroCosto Service Service methods should find an element" time="0.035">
    </testcase>
    <testcase classname="Service Tests CentroCosto Service Service methods should create a CentroCosto" name="Service Tests CentroCosto Service Service methods should create a CentroCosto" time="0.02">
    </testcase>
    <testcase classname="Service Tests CentroCosto Service Service methods should update a CentroCosto" name="Service Tests CentroCosto Service Service methods should update a CentroCosto" time="0.023">
    </testcase>
    <testcase classname="Service Tests CentroCosto Service Service methods should return a list of CentroCosto" name="Service Tests CentroCosto Service Service methods should return a list of CentroCosto" time="0.015">
    </testcase>
    <testcase classname="Service Tests CentroCosto Service Service methods should delete a CentroCosto" name="Service Tests CentroCosto Service Service methods should delete a CentroCosto" time="0.021">
    </testcase>
  </testsuite>
  <testsuite name="Service Tests" errors="0" failures="0" skipped="0" timestamp="2020-03-11T16:51:59" time="1.262" tests="5">
    <testcase classname="Service Tests Antecedentes Service Service methods should find an element" name="Service Tests Antecedentes Service Service methods should find an element" time="0.034">
    </testcase>
    <testcase classname="Service Tests Antecedentes Service Service methods should create a Antecedentes" name="Service Tests Antecedentes Service Service methods should create a Antecedentes" time="0.026">
    </testcase>
    <testcase classname="Service Tests Antecedentes Service Service methods should update a Antecedentes" name="Service Tests Antecedentes Service Service methods should update a Antecedentes" time="0.024">
    </testcase>
    <testcase classname="Service Tests Antecedentes Service Service methods should return a list of Antecedentes" name="Service Tests Antecedentes Service Service methods should return a list of Antecedentes" time="0.024">
    </testcase>
    <testcase classname="Service Tests Antecedentes Service Service methods should delete a Antecedentes" name="Service Tests Antecedentes Service Service methods should delete a Antecedentes" time="0.018">
    </testcase>
  </testsuite>
  <testsuite name="Service Tests" errors="0" failures="0" skipped="0" timestamp="2020-03-11T16:52:00" time="1.167" tests="5">
    <testcase classname="Service Tests Cargo Service Service methods should find an element" name="Service Tests Cargo Service Service methods should find an element" time="0.025">
    </testcase>
    <testcase classname="Service Tests Cargo Service Service methods should create a Cargo" name="Service Tests Cargo Service Service methods should create a Cargo" time="0.019">
    </testcase>
    <testcase classname="Service Tests Cargo Service Service methods should update a Cargo" name="Service Tests Cargo Service Service methods should update a Cargo" time="0.014">
    </testcase>
    <testcase classname="Service Tests Cargo Service Service methods should return a list of Cargo" name="Service Tests Cargo Service Service methods should return a list of Cargo" time="0.033">
    </testcase>
    <testcase classname="Service Tests Cargo Service Service methods should delete a Cargo" name="Service Tests Cargo Service Service methods should delete a Cargo" time="0.021">
    </testcase>
  </testsuite>
  <testsuite name="Service Tests" errors="0" failures="0" skipped="0" timestamp="2020-03-11T16:52:00" time="1.547" tests="5">
    <testcase classname="Service Tests Telefono Service Service methods should find an element" name="Service Tests Telefono Service Service methods should find an element" time="0.023">
    </testcase>
    <testcase classname="Service Tests Telefono Service Service methods should create a Telefono" name="Service Tests Telefono Service Service methods should create a Telefono" time="0.025">
    </testcase>
    <testcase classname="Service Tests Telefono Service Service methods should update a Telefono" name="Service Tests Telefono Service Service methods should update a Telefono" time="0.02">
    </testcase>
    <testcase classname="Service Tests Telefono Service Service methods should return a list of Telefono" name="Service Tests Telefono Service Service methods should return a list of Telefono" time="0.019">
    </testcase>
    <testcase classname="Service Tests Telefono Service Service methods should delete a Telefono" name="Service Tests Telefono Service Service methods should delete a Telefono" time="0.025">
    </testcase>
  </testsuite>
  <testsuite name="Service Tests" errors="0" failures="0" skipped="0" timestamp="2020-03-11T16:52:01" time="1.398" tests="8">
    <testcase classname="Service Tests Account Service Service methods should call /account if user is undefined" name="Service Tests Account Service Service methods should call /account if user is undefined" time="0.032">
    </testcase>
    <testcase classname="Service Tests Account Service Service methods should call /account only once" name="Service Tests Account Service Service methods should call /account only once" time="0.024">
    </testcase>
    <testcase classname="Service Tests Account Service Service methods hasAuthority should return false if user is not logged" name="Service Tests Account Service Service methods hasAuthority should return false if user is not logged" time="0.019">
    </testcase>
    <testcase classname="Service Tests Account Service Service methods hasAuthority should return false if user is logged and has not authority" name="Service Tests Account Service Service methods hasAuthority should return false if user is logged and has not authority" time="0.016">
    </testcase>
    <testcase classname="Service Tests Account Service Service methods hasAuthority should return true if user is logged and has authority" name="Service Tests Account Service Service methods hasAuthority should return true if user is logged and has authority" time="0.02">
    </testcase>
    <testcase classname="Service Tests Account Service Service methods hasAnyAuthority should return false if user is not logged" name="Service Tests Account Service Service methods hasAnyAuthority should return false if user is not logged" time="0.017">
    </testcase>
    <testcase classname="Service Tests Account Service Service methods hasAnyAuthority should return false if user is logged and has not authority" name="Service Tests Account Service Service methods hasAnyAuthority should return false if user is logged and has not authority" time="0.028">
    </testcase>
    <testcase classname="Service Tests Account Service Service methods hasAnyAuthority should return true if user is logged and has authority" name="Service Tests Account Service Service methods hasAnyAuthority should return true if user is logged and has authority" time="0.022">
    </testcase>
  </testsuite>
  <testsuite name="Component Tests" errors="0" failures="0" skipped="0" timestamp="2020-03-11T16:52:01" time="2.519" tests="3">
    <testcase classname="Component Tests User Management Update Component OnInit Should load authorities and language on init" name="Component Tests User Management Update Component OnInit Should load authorities and language on init" time="0.053">
    </testcase>
    <testcase classname="Component Tests User Management Update Component save Should call update service on save for existing user" name="Component Tests User Management Update Component save Should call update service on save for existing user" time="0.049">
    </testcase>
    <testcase classname="Component Tests User Management Update Component save Should call create service on save for new user" name="Component Tests User Management Update Component save Should call create service on save for new user" time="0.034">
    </testcase>
  </testsuite>
  <testsuite name="Service Tests" errors="0" failures="0" skipped="0" timestamp="2020-03-11T16:52:02" time="2.038" tests="5">
    <testcase classname="Service Tests AsistenciaPlaneacion Service Service methods should find an element" name="Service Tests AsistenciaPlaneacion Service Service methods should find an element" time="0.019">
    </testcase>
    <testcase classname="Service Tests AsistenciaPlaneacion Service Service methods should create a AsistenciaPlaneacion" name="Service Tests AsistenciaPlaneacion Service Service methods should create a AsistenciaPlaneacion" time="0.02">
    </testcase>
    <testcase classname="Service Tests AsistenciaPlaneacion Service Service methods should update a AsistenciaPlaneacion" name="Service Tests AsistenciaPlaneacion Service Service methods should update a AsistenciaPlaneacion" time="0.019">
    </testcase>
    <testcase classname="Service Tests AsistenciaPlaneacion Service Service methods should return a list of AsistenciaPlaneacion" name="Service Tests AsistenciaPlaneacion Service Service methods should return a list of AsistenciaPlaneacion" time="0.027">
    </testcase>
    <testcase classname="Service Tests AsistenciaPlaneacion Service Service methods should delete a AsistenciaPlaneacion" name="Service Tests AsistenciaPlaneacion Service Service methods should delete a AsistenciaPlaneacion" time="0.016">
    </testcase>
  </testsuite>
  <testsuite name="Component Tests" errors="0" failures="0" skipped="0" timestamp="2020-03-11T16:52:04" time="2.135" tests="2">
    <testcase classname="Component Tests Colaborador Management Update Component save Should call update service on save for existing entity" name="Component Tests Colaborador Management Update Component save Should call update service on save for existing entity" time="0.06">
    </testcase>
    <testcase classname="Component Tests Colaborador Management Update Component save Should call create service on save for new entity" name="Component Tests Colaborador Management Update Component save Should call create service on save for new entity" time="0.043">
    </testcase>
  </testsuite>
  <testsuite name="Component Tests" errors="0" failures="0" skipped="0" timestamp="2020-03-11T16:52:04" time="2" tests="4">
    <testcase classname="Component Tests PasswordComponent should show error if passwords do not match" name="Component Tests PasswordComponent should show error if passwords do not match" time="0.04">
    </testcase>
    <testcase classname="Component Tests PasswordComponent should call Auth.changePassword when passwords match" name="Component Tests PasswordComponent should call Auth.changePassword when passwords match" time="0.055">
    </testcase>
    <testcase classname="Component Tests PasswordComponent should set success to OK upon success" name="Component Tests PasswordComponent should set success to OK upon success" time="0.031">
    </testcase>
    <testcase classname="Component Tests PasswordComponent should notify of error if change password fails" name="Component Tests PasswordComponent should notify of error if change password fails" time="0.041">
    </testcase>
  </testsuite>
  <testsuite name="Component Tests" errors="0" failures="0" skipped="0" timestamp="2020-03-11T16:52:06" time="2.074" tests="3">
    <testcase classname="Component Tests LogsComponent OnInit should set all default values correctly" name="Component Tests LogsComponent OnInit should set all default values correctly" time="0.034">
    </testcase>
    <testcase classname="Component Tests LogsComponent OnInit Should call load all on init" name="Component Tests LogsComponent OnInit Should call load all on init" time="0.041">
    </testcase>
    <testcase classname="Component Tests LogsComponent change log level should change log level correctly" name="Component Tests LogsComponent change log level should change log level correctly" time="0.046">
    </testcase>
  </testsuite>
  <testsuite name="Component Tests" errors="0" failures="0" skipped="0" timestamp="2020-03-11T16:52:06" time="2.18" tests="2">
    <testcase classname="Component Tests User Management Component OnInit Should call load all on init" name="Component Tests User Management Component OnInit Should call load all on init" time="0.054">
    </testcase>
    <testcase classname="Component Tests User Management Component setActive Should update user and call load all" name="Component Tests User Management Component setActive Should update user and call load all" time="0.062">
    </testcase>
  </testsuite>
  <testsuite name="Component Tests" errors="0" failures="0" skipped="0" timestamp="2020-03-11T16:52:08" time="1.781" tests="2">
    <testcase classname="Component Tests ReporteAsistenciaHorasExtras Management Update Component save Should call update service on save for existing entity" name="Component Tests ReporteAsistenciaHorasExtras Management Update Component save Should call update service on save for existing entity" time="0.092">
    </testcase>
    <testcase classname="Component Tests ReporteAsistenciaHorasExtras Management Update Component save Should call create service on save for new entity" name="Component Tests ReporteAsistenciaHorasExtras Management Update Component save Should call create service on save for new entity" time="0.042">
    </testcase>
  </testsuite>
  <testsuite name="Component Tests" errors="0" failures="0" skipped="0" timestamp="2020-03-11T16:52:09" time="2.048" tests="2">
    <testcase classname="Component Tests PlanificacionAsistencia Management Update Component save Should call update service on save for existing entity" name="Component Tests PlanificacionAsistencia Management Update Component save Should call update service on save for existing entity" time="0.076">
    </testcase>
    <testcase classname="Component Tests PlanificacionAsistencia Management Update Component save Should call create service on save for new entity" name="Component Tests PlanificacionAsistencia Management Update Component save Should call create service on save for new entity" time="0.062">
    </testcase>
  </testsuite>
  <testsuite name="Component Tests" errors="0" failures="0" skipped="0" timestamp="2020-03-11T16:52:10" time="1.941" tests="2">
    <testcase classname="Component Tests AsistenciaHorasExtras Management Update Component save Should call update service on save for existing entity" name="Component Tests AsistenciaHorasExtras Management Update Component save Should call update service on save for existing entity" time="0.062">
    </testcase>
    <testcase classname="Component Tests AsistenciaHorasExtras Management Update Component save Should call create service on save for new entity" name="Component Tests AsistenciaHorasExtras Management Update Component save Should call create service on save for new entity" time="0.063">
    </testcase>
  </testsuite>
  <testsuite name="Component Tests" errors="0" failures="0" skipped="0" timestamp="2020-03-11T16:52:11" time="1.746" tests="2">
    <testcase classname="Component Tests AsignacionHorasExtras Management Update Component save Should call update service on save for existing entity" name="Component Tests AsignacionHorasExtras Management Update Component save Should call update service on save for existing entity" time="0.067">
    </testcase>
    <testcase classname="Component Tests AsignacionHorasExtras Management Update Component save Should call create service on save for new entity" name="Component Tests AsignacionHorasExtras Management Update Component save Should call create service on save for new entity" time="0.05">
    </testcase>
  </testsuite>
  <testsuite name="Component Tests" errors="0" failures="0" skipped="0" timestamp="2020-03-11T16:52:12" time="1.66" tests="3">
    <testcase classname="Component Tests SettingsComponent should send the current identity upon save" name="Component Tests SettingsComponent should send the current identity upon save" time="0.078">
    </testcase>
    <testcase classname="Component Tests SettingsComponent should notify of success upon successful save" name="Component Tests SettingsComponent should notify of success upon successful save" time="0.049">
    </testcase>
    <testcase classname="Component Tests SettingsComponent should notify of error upon failed save" name="Component Tests SettingsComponent should notify of error upon failed save" time="0.033">
    </testcase>
  </testsuite>
  <testsuite name="Component Tests" errors="0" failures="0" skipped="0" timestamp="2020-03-11T16:52:13" time="1.773" tests="2">
    <testcase classname="Component Tests Peticion Management Update Component save Should call update service on save for existing entity" name="Component Tests Peticion Management Update Component save Should call update service on save for existing entity" time="0.071">
    </testcase>
    <testcase classname="Component Tests Peticion Management Update Component save Should call create service on save for new entity" name="Component Tests Peticion Management Update Component save Should call create service on save for new entity" time="0.058">
    </testcase>
  </testsuite>
  <testsuite name="Component Tests" errors="0" failures="0" skipped="0" timestamp="2020-03-11T16:52:14" time="2.485" tests="3">
    <testcase classname="Component Tests JhiConfigurationComponent OnInit should set all default values correctly" name="Component Tests JhiConfigurationComponent OnInit should set all default values correctly" time="0.053">
    </testcase>
    <testcase classname="Component Tests JhiConfigurationComponent OnInit Should call load all on init" name="Component Tests JhiConfigurationComponent OnInit Should call load all on init" time="0.031">
    </testcase>
    <testcase classname="Component Tests JhiConfigurationComponent keys method should return the keys of an Object" name="Component Tests JhiConfigurationComponent keys method should return the keys of an Object" time="0.059">
    </testcase>
  </testsuite>
  <testsuite name="Component Tests" errors="0" failures="0" skipped="0" timestamp="2020-03-11T16:52:14" time="2.04" tests="2">
    <testcase classname="Component Tests AsistenciaPlaneacion Management Update Component save Should call update service on save for existing entity" name="Component Tests AsistenciaPlaneacion Management Update Component save Should call update service on save for existing entity" time="0.062">
    </testcase>
    <testcase classname="Component Tests AsistenciaPlaneacion Management Update Component save Should call create service on save for new entity" name="Component Tests AsistenciaPlaneacion Management Update Component save Should call create service on save for new entity" time="0.063">
    </testcase>
  </testsuite>
  <testsuite name="Component Tests" errors="0" failures="0" skipped="0" timestamp="2020-03-11T16:52:16" time="1.575" tests="2">
    <testcase classname="Component Tests ReporteAsistencia Management Update Component save Should call update service on save for existing entity" name="Component Tests ReporteAsistencia Management Update Component save Should call update service on save for existing entity" time="0.069">
    </testcase>
    <testcase classname="Component Tests ReporteAsistencia Management Update Component save Should call create service on save for new entity" name="Component Tests ReporteAsistencia Management Update Component save Should call create service on save for new entity" time="0.048">
    </testcase>
  </testsuite>
  <testsuite name="Component Tests" errors="0" failures="0" skipped="0" timestamp="2020-03-11T16:52:16" time="1.843" tests="2">
    <testcase classname="Component Tests PlaneacionSemanal Management Update Component save Should call update service on save for existing entity" name="Component Tests PlaneacionSemanal Management Update Component save Should call update service on save for existing entity" time="0.071">
    </testcase>
    <testcase classname="Component Tests PlaneacionSemanal Management Update Component save Should call create service on save for new entity" name="Component Tests PlaneacionSemanal Management Update Component save Should call create service on save for new entity" time="0.046">
    </testcase>
  </testsuite>
  <testsuite name="Component Tests" errors="0" failures="0" skipped="0" timestamp="2020-03-11T16:52:18" time="1.815" tests="2">
    <testcase classname="Component Tests DevengoNomina Management Update Component save Should call update service on save for existing entity" name="Component Tests DevengoNomina Management Update Component save Should call update service on save for existing entity" time="0.06">
    </testcase>
    <testcase classname="Component Tests DevengoNomina Management Update Component save Should call create service on save for new entity" name="Component Tests DevengoNomina Management Update Component save Should call create service on save for new entity" time="0.035">
    </testcase>
  </testsuite>
  <testsuite name="Component Tests" errors="0" failures="0" skipped="0" timestamp="2020-03-11T16:52:18" time="2.173" tests="2">
    <testcase classname="Component Tests AsignacionTurno Management Update Component save Should call update service on save for existing entity" name="Component Tests AsignacionTurno Management Update Component save Should call update service on save for existing entity" time="0.06">
    </testcase>
    <testcase classname="Component Tests AsignacionTurno Management Update Component save Should call create service on save for new entity" name="Component Tests AsignacionTurno Management Update Component save Should call create service on save for new entity" time="0.038">
    </testcase>
  </testsuite>
  <testsuite name="Component Tests" errors="0" failures="0" skipped="0" timestamp="2020-03-11T16:52:20" time="1.885" tests="2">
    <testcase classname="Component Tests Turno Management Update Component save Should call update service on save for existing entity" name="Component Tests Turno Management Update Component save Should call update service on save for existing entity" time="0.065">
    </testcase>
    <testcase classname="Component Tests Turno Management Update Component save Should call create service on save for new entity" name="Component Tests Turno Management Update Component save Should call create service on save for new entity" time="0.057">
    </testcase>
  </testsuite>
  <testsuite name="Component Tests" errors="0" failures="0" skipped="0" timestamp="2020-03-11T16:52:20" time="2.34" tests="2">
    <testcase classname="Component Tests IntercambioTurno Management Update Component save Should call update service on save for existing entity" name="Component Tests IntercambioTurno Management Update Component save Should call update service on save for existing entity" time="0.056">
    </testcase>
    <testcase classname="Component Tests IntercambioTurno Management Update Component save Should call create service on save for new entity" name="Component Tests IntercambioTurno Management Update Component save Should call create service on save for new entity" time="0.06">
    </testcase>
  </testsuite>
  <testsuite name="Service Tests" errors="0" failures="0" skipped="0" timestamp="2020-03-11T16:52:23" time="1.446" tests="4">
    <testcase classname="Service Tests User Service Service methods should call correct URL" name="Service Tests User Service Service methods should call correct URL" time="0.054">
    </testcase>
    <testcase classname="Service Tests User Service Service methods should return User" name="Service Tests User Service Service methods should return User" time="0.041">
    </testcase>
    <testcase classname="Service Tests User Service Service methods should return Authorities" name="Service Tests User Service Service methods should return Authorities" time="0.03">
    </testcase>
    <testcase classname="Service Tests User Service Service methods should propagate not found response" name="Service Tests User Service Service methods should propagate not found response" time="0.023">
    </testcase>
  </testsuite>
  <testsuite name="Component Tests" errors="0" failures="0" skipped="0" timestamp="2020-03-11T16:52:22" time="2.174" tests="2">
    <testcase classname="Component Tests Antecedentes Management Update Component save Should call update service on save for existing entity" name="Component Tests Antecedentes Management Update Component save Should call update service on save for existing entity" time="0.067">
    </testcase>
    <testcase classname="Component Tests Antecedentes Management Update Component save Should call create service on save for new entity" name="Component Tests Antecedentes Management Update Component save Should call create service on save for new entity" time="0.06">
    </testcase>
  </testsuite>
  <testsuite name="Component Tests" errors="0" failures="0" skipped="0" timestamp="2020-03-11T16:52:24" time="1.552" tests="2">
    <testcase classname="Component Tests CentroCosto Management Update Component save Should call update service on save for existing entity" name="Component Tests CentroCosto Management Update Component save Should call update service on save for existing entity" time="0.055">
    </testcase>
    <testcase classname="Component Tests CentroCosto Management Update Component save Should call create service on save for new entity" name="Component Tests CentroCosto Management Update Component save Should call create service on save for new entity" time="0.056">
    </testcase>
  </testsuite>
  <testsuite name="Component Tests" errors="0" failures="0" skipped="0" timestamp="2020-03-11T16:52:25" time="1.665" tests="2">
    <testcase classname="Component Tests Asistencia Management Update Component save Should call update service on save for existing entity" name="Component Tests Asistencia Management Update Component save Should call update service on save for existing entity" time="0.065">
    </testcase>
    <testcase classname="Component Tests Asistencia Management Update Component save Should call create service on save for new entity" name="Component Tests Asistencia Management Update Component save Should call create service on save for new entity" time="0.051">
    </testcase>
  </testsuite>
  <testsuite name="Component Tests" errors="0" failures="0" skipped="0" timestamp="2020-03-11T16:52:26" time="1.561" tests="2">
    <testcase classname="Component Tests Novedades Management Update Component save Should call update service on save for existing entity" name="Component Tests Novedades Management Update Component save Should call update service on save for existing entity" time="0.05">
    </testcase>
    <testcase classname="Component Tests Novedades Management Update Component save Should call create service on save for new entity" name="Component Tests Novedades Management Update Component save Should call create service on save for new entity" time="0.052">
    </testcase>
  </testsuite>
  <testsuite name="Component Tests" errors="0" failures="0" skipped="0" timestamp="2020-03-11T16:52:26" time="1.713" tests="1">
    <testcase classname="Component Tests ReporteAsistenciaHorasExtras Management Delete Component confirmDelete Should call delete service on confirmDelete" name="Component Tests ReporteAsistenciaHorasExtras Management Delete Component confirmDelete Should call delete service on confirmDelete" time="0.07">
    </testcase>
  </testsuite>
  <testsuite name="Component Tests" errors="0" failures="0" skipped="0" timestamp="2020-03-11T16:52:27" time="1.645" tests="2">
    <testcase classname="Component Tests Telefono Management Update Component save Should call update service on save for existing entity" name="Component Tests Telefono Management Update Component save Should call update service on save for existing entity" time="0.046">
    </testcase>
    <testcase classname="Component Tests Telefono Management Update Component save Should call create service on save for new entity" name="Component Tests Telefono Management Update Component save Should call create service on save for new entity" time="0.049">
    </testcase>
  </testsuite>
  <testsuite name="Service Tests" errors="0" failures="0" skipped="0" timestamp="2020-03-11T16:52:28" time="1.233" tests="3">
    <testcase classname="Service Tests Logs Service Service methods should call correct URL" name="Service Tests Logs Service Service methods should call correct URL" time="0.026">
    </testcase>
    <testcase classname="Service Tests Logs Service Service methods should get the config" name="Service Tests Logs Service Service methods should get the config" time="0.022">
    </testcase>
    <testcase classname="Service Tests Logs Service Service methods should get the env" name="Service Tests Logs Service Service methods should get the env" time="0.015">
    </testcase>
  </testsuite>
  <testsuite name="Component Tests" errors="0" failures="0" skipped="0" timestamp="2020-03-11T16:52:29" time="2.125" tests="3">
    <testcase classname="Component Tests ActivateComponent calls activate.get with the key from params" name="Component Tests ActivateComponent calls activate.get with the key from params" time="0.067">
    </testcase>
    <testcase classname="Component Tests ActivateComponent should set set success to OK upon successful activation" name="Component Tests ActivateComponent should set set success to OK upon successful activation" time="0.034">
    </testcase>
    <testcase classname="Component Tests ActivateComponent should set set error to ERROR upon activation failure" name="Component Tests ActivateComponent should set set error to ERROR upon activation failure" time="0.033">
    </testcase>
  </testsuite>
  <testsuite name="Component Tests" errors="0" failures="0" skipped="0" timestamp="2020-03-11T16:52:29" time="2.099" tests="2">
    <testcase classname="Component Tests Cargo Management Update Component save Should call update service on save for existing entity" name="Component Tests Cargo Management Update Component save Should call update service on save for existing entity" time="0.068">
    </testcase>
    <testcase classname="Component Tests Cargo Management Update Component save Should call create service on save for new entity" name="Component Tests Cargo Management Update Component save Should call create service on save for new entity" time="0.077">
    </testcase>
  </testsuite>
  <testsuite name="Component Tests" errors="0" failures="0" skipped="0" timestamp="2020-03-11T16:52:31" time="2.257" tests="1">
    <testcase classname="Component Tests PlanificacionAsistencia Management Delete Component confirmDelete Should call delete service on confirmDelete" name="Component Tests PlanificacionAsistencia Management Delete Component confirmDelete Should call delete service on confirmDelete" time="0.062">
    </testcase>
  </testsuite>
  <testsuite name="Component Tests" errors="0" failures="0" skipped="0" timestamp="2020-03-11T16:52:31" time="2.373" tests="1">
    <testcase classname="Component Tests AsignacionHorasExtras Management Delete Component confirmDelete Should call delete service on confirmDelete" name="Component Tests AsignacionHorasExtras Management Delete Component confirmDelete Should call delete service on confirmDelete" time="0.083">
    </testcase>
  </testsuite>
  <testsuite name="Component Tests" errors="0" failures="0" skipped="0" timestamp="2020-03-11T16:52:33" time="1.567" tests="1">
    <testcase classname="Component Tests AsistenciaHorasExtras Management Delete Component confirmDelete Should call delete service on confirmDelete" name="Component Tests AsistenciaHorasExtras Management Delete Component confirmDelete Should call delete service on confirmDelete" time="0.063">
    </testcase>
  </testsuite>
  <testsuite name="Component Tests" errors="0" failures="0" skipped="0" timestamp="2020-03-11T16:52:34" time="1.937" tests="1">
    <testcase classname="Component Tests AsistenciaPlaneacion Management Delete Component confirmDelete Should call delete service on confirmDelete" name="Component Tests AsistenciaPlaneacion Management Delete Component confirmDelete Should call delete service on confirmDelete" time="0.082">
    </testcase>
  </testsuite>
  <testsuite name="Component Tests" errors="0" failures="0" skipped="0" timestamp="2020-03-11T16:52:35" time="1.961" tests="1">
    <testcase classname="Component Tests ReporteAsistencia Management Delete Component confirmDelete Should call delete service on confirmDelete" name="Component Tests ReporteAsistencia Management Delete Component confirmDelete Should call delete service on confirmDelete" time="0.047">
    </testcase>
  </testsuite>
  <testsuite name="Component Tests" errors="0" failures="0" skipped="0" timestamp="2020-03-11T16:52:36" time="1.413" tests="1">
    <testcase classname="Component Tests PlaneacionSemanal Management Delete Component confirmDelete Should call delete service on confirmDelete" name="Component Tests PlaneacionSemanal Management Delete Component confirmDelete Should call delete service on confirmDelete" time="0.065">
    </testcase>
  </testsuite>
  <testsuite name="Component Tests" errors="0" failures="0" skipped="0" timestamp="2020-03-11T16:52:37" time="1.659" tests="3">
    <testcase classname="Component Tests PasswordStrengthBarComponent PasswordStrengthBarComponents should initialize with default values" name="Component Tests PasswordStrengthBarComponent PasswordStrengthBarComponents should initialize with default values" time="0.052">
    </testcase>
    <testcase classname="Component Tests PasswordStrengthBarComponent PasswordStrengthBarComponents should increase strength upon password value change" name="Component Tests PasswordStrengthBarComponent PasswordStrengthBarComponents should increase strength upon password value change" time="0.036">
    </testcase>
    <testcase classname="Component Tests PasswordStrengthBarComponent PasswordStrengthBarComponents should change the color based on strength" name="Component Tests PasswordStrengthBarComponent PasswordStrengthBarComponents should change the color based on strength" time="0.039">
    </testcase>
  </testsuite>
  <testsuite name="Component Tests" errors="0" failures="0" skipped="0" timestamp="2020-03-11T16:52:37" time="1.7" tests="1">
    <testcase classname="Component Tests IntercambioTurno Management Delete Component confirmDelete Should call delete service on confirmDelete" name="Component Tests IntercambioTurno Management Delete Component confirmDelete Should call delete service on confirmDelete" time="0.069">
    </testcase>
  </testsuite>
  <testsuite name="Component Tests" errors="0" failures="0" skipped="0" timestamp="2020-03-11T16:52:39" time="1.997" tests="1">
    <testcase classname="Component Tests DevengoNomina Management Delete Component confirmDelete Should call delete service on confirmDelete" name="Component Tests DevengoNomina Management Delete Component confirmDelete Should call delete service on confirmDelete" time="0.066">
    </testcase>
  </testsuite>
  <testsuite name="Component Tests" errors="0" failures="0" skipped="0" timestamp="2020-03-11T16:52:39" time="1.981" tests="1">
    <testcase classname="Component Tests AsignacionTurno Management Delete Component confirmDelete Should call delete service on confirmDelete" name="Component Tests AsignacionTurno Management Delete Component confirmDelete Should call delete service on confirmDelete" time="0.078">
    </testcase>
  </testsuite>
  <testsuite name="Component Tests" errors="0" failures="0" skipped="0" timestamp="2020-03-11T16:52:41" time="1.569" tests="1">
    <testcase classname="Component Tests Antecedentes Management Delete Component confirmDelete Should call delete service on confirmDelete" name="Component Tests Antecedentes Management Delete Component confirmDelete Should call delete service on confirmDelete" time="0.062">
    </testcase>
  </testsuite>
  <testsuite name="Component Tests" errors="0" failures="0" skipped="0" timestamp="2020-03-11T16:52:41" time="1.522" tests="1">
    <testcase classname="Component Tests ReporteAsistenciaHorasExtras Management Component Should call load all on init" name="Component Tests ReporteAsistenciaHorasExtras Management Component Should call load all on init" time="0.058">
    </testcase>
  </testsuite>
  <testsuite name="Component Tests" errors="0" failures="0" skipped="0" timestamp="2020-03-11T16:52:43" time="1.345" tests="1">
    <testcase classname="Component Tests User Management Detail Component OnInit Should call load all on init" name="Component Tests User Management Detail Component OnInit Should call load all on init" time="0.038">
    </testcase>
  </testsuite>
  <testsuite name="Component Tests" errors="0" failures="0" skipped="0" timestamp="2020-03-11T16:52:43" time="1.46" tests="1">
    <testcase classname="Component Tests CentroCosto Management Delete Component confirmDelete Should call delete service on confirmDelete" name="Component Tests CentroCosto Management Delete Component confirmDelete Should call delete service on confirmDelete" time="0.048">
    </testcase>
  </testsuite>
  <testsuite name="Component Tests" errors="0" failures="0" skipped="0" timestamp="2020-03-11T16:52:44" time="1.859" tests="1">
    <testcase classname="Component Tests Colaborador Management Delete Component confirmDelete Should call delete service on confirmDelete" name="Component Tests Colaborador Management Delete Component confirmDelete Should call delete service on confirmDelete" time="0.073">
    </testcase>
  </testsuite>
  <testsuite name="Component Tests" errors="0" failures="0" skipped="0" timestamp="2020-03-11T16:52:44" time="1.625" tests="1">
    <testcase classname="Component Tests User Management Delete Component confirmDelete Should call delete service on confirmDelete" name="Component Tests User Management Delete Component confirmDelete Should call delete service on confirmDelete" time="0.068">
    </testcase>
  </testsuite>
  <testsuite name="Service Tests" errors="0" failures="0" skipped="0" timestamp="2020-03-11T16:52:46" time="1.05" tests="3">
    <testcase classname="Service Tests Audits Service Service methods should call correct URL" name="Service Tests Audits Service Service methods should call correct URL" time="0.02">
    </testcase>
    <testcase classname="Service Tests Audits Service Service methods should return Audits" name="Service Tests Audits Service Service methods should return Audits" time="0.015">
    </testcase>
    <testcase classname="Service Tests Audits Service Service methods should propagate not found response" name="Service Tests Audits Service Service methods should propagate not found response" time="0.015">
    </testcase>
  </testsuite>
  <testsuite name="Component Tests" errors="0" failures="0" skipped="0" timestamp="2020-03-11T16:52:46" time="1.508" tests="1">
    <testcase classname="Component Tests Asistencia Management Delete Component confirmDelete Should call delete service on confirmDelete" name="Component Tests Asistencia Management Delete Component confirmDelete Should call delete service on confirmDelete" time="0.063">
    </testcase>
  </testsuite>
  <testsuite name="Component Tests" errors="0" failures="0" skipped="0" timestamp="2020-03-11T16:52:47" time="1.663" tests="1">
    <testcase classname="Component Tests Novedades Management Delete Component confirmDelete Should call delete service on confirmDelete" name="Component Tests Novedades Management Delete Component confirmDelete Should call delete service on confirmDelete" time="0.082">
    </testcase>
  </testsuite>
  <testsuite name="Component Tests" errors="0" failures="0" skipped="0" timestamp="2020-03-11T16:52:47" time="1.523" tests="1">
    <testcase classname="Component Tests Peticion Management Delete Component confirmDelete Should call delete service on confirmDelete" name="Component Tests Peticion Management Delete Component confirmDelete Should call delete service on confirmDelete" time="0.066">
    </testcase>
  </testsuite>
  <testsuite name="Component Tests" errors="0" failures="0" skipped="0" timestamp="2020-03-11T16:52:49" time="1.613" tests="1">
    <testcase classname="Component Tests Telefono Management Delete Component confirmDelete Should call delete service on confirmDelete" name="Component Tests Telefono Management Delete Component confirmDelete Should call delete service on confirmDelete" time="0.077">
    </testcase>
  </testsuite>
  <testsuite name="Component Tests" errors="0" failures="0" skipped="0" timestamp="2020-03-11T16:52:49" time="1.518" tests="1">
    <testcase classname="Component Tests Cargo Management Delete Component confirmDelete Should call delete service on confirmDelete" name="Component Tests Cargo Management Delete Component confirmDelete Should call delete service on confirmDelete" time="0.058">
    </testcase>
  </testsuite>
  <testsuite name="Component Tests" errors="0" failures="0" skipped="0" timestamp="2020-03-11T16:52:50" time="1.663" tests="1">
    <testcase classname="Component Tests Turno Management Delete Component confirmDelete Should call delete service on confirmDelete" name="Component Tests Turno Management Delete Component confirmDelete Should call delete service on confirmDelete" time="0.056">
    </testcase>
  </testsuite>
  <testsuite name="Component Tests" errors="0" failures="0" skipped="0" timestamp="2020-03-11T16:52:51" time="1.449" tests="1">
    <testcase classname="Component Tests AsignacionHorasExtras Management Component Should call load all on init" name="Component Tests AsignacionHorasExtras Management Component Should call load all on init" time="0.058">
    </testcase>
  </testsuite>
  <testsuite name="Service Tests" errors="0" failures="0" skipped="0" timestamp="2020-03-11T16:52:52" time="1.255" tests="3">
    <testcase classname="Service Tests Logs Service Service methods should call correct URL" name="Service Tests Logs Service Service methods should call correct URL" time="0.03">
    </testcase>
    <testcase classname="Service Tests Logs Service Service methods should return Metrics" name="Service Tests Logs Service Service methods should return Metrics" time="0.015">
    </testcase>
    <testcase classname="Service Tests Logs Service Service methods should return Thread Dump" name="Service Tests Logs Service Service methods should return Thread Dump" time="0.016">
    </testcase>
  </testsuite>
  <testsuite name="Component Tests" errors="0" failures="0" skipped="0" timestamp="2020-03-11T16:52:52" time="1.7" tests="1">
    <testcase classname="Component Tests AsistenciaPlaneacion Management Component Should call load all on init" name="Component Tests AsistenciaPlaneacion Management Component Should call load all on init" time="0.06">
    </testcase>
  </testsuite>
  <testsuite name="Component Tests" errors="0" failures="0" skipped="0" timestamp="2020-03-11T16:52:53" time="1.715" tests="1">
    <testcase classname="Component Tests AsignacionTurno Management Component Should call load all on init" name="Component Tests AsignacionTurno Management Component Should call load all on init" time="0.047">
    </testcase>
  </testsuite>
  <testsuite name="Component Tests" errors="0" failures="0" skipped="0" timestamp="2020-03-11T16:52:54" time="1.635" tests="1">
    <testcase classname="Component Tests DevengoNomina Management Component Should call load all on init" name="Component Tests DevengoNomina Management Component Should call load all on init" time="0.069">
    </testcase>
  </testsuite>
  <testsuite name="Component Tests" errors="0" failures="0" skipped="0" timestamp="2020-03-11T16:52:55" time="2.004" tests="1">
    <testcase classname="Component Tests JhiMetricsMonitoringComponent refresh should call refresh on init" name="Component Tests JhiMetricsMonitoringComponent refresh should call refresh on init" time="0.065">
    </testcase>
  </testsuite>
  <testsuite name="Component Tests" errors="0" failures="0" skipped="0" timestamp="2020-03-11T16:52:56" time="2.377" tests="1">
    <testcase classname="Component Tests ReporteAsistenciaHorasExtras Management Detail Component OnInit Should call load all on init" name="Component Tests ReporteAsistenciaHorasExtras Management Detail Component OnInit Should call load all on init" time="0.076">
    </testcase>
  </testsuite>
  <testsuite name="Component Tests" errors="0" failures="0" skipped="0" timestamp="2020-03-11T16:52:57" time="1.508" tests="1">
    <testcase classname="Component Tests Telefono Management Component Should call load all on init" name="Component Tests Telefono Management Component Should call load all on init" time="0.057">
    </testcase>
  </testsuite>
  <testsuite name="Component Tests" errors="0" failures="0" skipped="0" timestamp="2020-03-11T16:52:58" time="1.414" tests="1">
    <testcase classname="Component Tests PlanificacionAsistencia Management Detail Component OnInit Should call load all on init" name="Component Tests PlanificacionAsistencia Management Detail Component OnInit Should call load all on init" time="0.062">
    </testcase>
  </testsuite>
  <testsuite name="Component Tests" errors="0" failures="0" skipped="0" timestamp="2020-03-11T16:52:59" time="1.426" tests="1">
    <testcase classname="Component Tests AsignacionHorasExtras Management Detail Component OnInit Should call load all on init" name="Component Tests AsignacionHorasExtras Management Detail Component OnInit Should call load all on init" time="0.056">
    </testcase>
  </testsuite>
  <testsuite name="Component Tests" errors="0" failures="0" skipped="0" timestamp="2020-03-11T16:52:59" time="1.466" tests="1">
    <testcase classname="Component Tests AsistenciaHorasExtras Management Detail Component OnInit Should call load all on init" name="Component Tests AsistenciaHorasExtras Management Detail Component OnInit Should call load all on init" time="0.056">
    </testcase>
  </testsuite>
  <testsuite name="Component Tests" errors="0" failures="0" skipped="0" timestamp="2020-03-11T16:53:00" time="1.836" tests="1">
    <testcase classname="Component Tests AsistenciaPlaneacion Management Detail Component OnInit Should call load all on init" name="Component Tests AsistenciaPlaneacion Management Detail Component OnInit Should call load all on init" time="0.063">
    </testcase>
  </testsuite>
  <testsuite name="Component Tests" errors="0" failures="0" skipped="0" timestamp="2020-03-11T16:53:01" time="1.647" tests="1">
    <testcase classname="Component Tests PlaneacionSemanal Management Detail Component OnInit Should call load all on init" name="Component Tests PlaneacionSemanal Management Detail Component OnInit Should call load all on init" time="0.063">
    </testcase>
  </testsuite>
  <testsuite name="Component Tests" errors="0" failures="0" skipped="0" timestamp="2020-03-11T16:53:02" time="1.719" tests="1">
    <testcase classname="Component Tests ReporteAsistencia Management Detail Component OnInit Should call load all on init" name="Component Tests ReporteAsistencia Management Detail Component OnInit Should call load all on init" time="0.063">
    </testcase>
  </testsuite>
  <testsuite name="Component Tests" errors="0" failures="0" skipped="0" timestamp="2020-03-11T16:53:03" time="1.531" tests="1">
    <testcase classname="Component Tests IntercambioTurno Management Detail Component OnInit Should call load all on init" name="Component Tests IntercambioTurno Management Detail Component OnInit Should call load all on init" time="0.072">
    </testcase>
  </testsuite>
  <testsuite name="Component Tests" errors="0" failures="0" skipped="0" timestamp="2020-03-11T16:53:04" time="1.727" tests="1">
    <testcase classname="Component Tests AsignacionTurno Management Detail Component OnInit Should call load all on init" name="Component Tests AsignacionTurno Management Detail Component OnInit Should call load all on init" time="0.051">
    </testcase>
  </testsuite>
  <testsuite name="Component Tests" errors="0" failures="0" skipped="0" timestamp="2020-03-11T16:53:04" time="1.553" tests="1">
    <testcase classname="Component Tests DevengoNomina Management Detail Component OnInit Should call load all on init" name="Component Tests DevengoNomina Management Detail Component OnInit Should call load all on init" time="0.064">
    </testcase>
  </testsuite>
  <testsuite name="Component Tests" errors="0" failures="0" skipped="0" timestamp="2020-03-11T16:53:06" time="1.518" tests="1">
    <testcase classname="Component Tests Antecedentes Management Detail Component OnInit Should call load all on init" name="Component Tests Antecedentes Management Detail Component OnInit Should call load all on init" time="0.056">
    </testcase>
  </testsuite>
  <testsuite name="Component Tests" errors="0" failures="0" skipped="0" timestamp="2020-03-11T16:53:06" time="1.525" tests="1">
    <testcase classname="Component Tests CentroCosto Management Detail Component OnInit Should call load all on init" name="Component Tests CentroCosto Management Detail Component OnInit Should call load all on init" time="0.073">
    </testcase>
  </testsuite>
  <testsuite name="Component Tests" errors="0" failures="0" skipped="0" timestamp="2020-03-11T16:53:07" time="1.551" tests="1">
    <testcase classname="Component Tests Colaborador Management Detail Component OnInit Should call load all on init" name="Component Tests Colaborador Management Detail Component OnInit Should call load all on init" time="0.064">
    </testcase>
  </testsuite>
  <testsuite name="Component Tests" errors="0" failures="0" skipped="0" timestamp="2020-03-11T16:53:07" time="1.425" tests="1">
    <testcase classname="Component Tests Asistencia Management Detail Component OnInit Should call load all on init" name="Component Tests Asistencia Management Detail Component OnInit Should call load all on init" time="0.072">
    </testcase>
  </testsuite>
  <testsuite name="Service Tests" errors="0" failures="0" skipped="0" timestamp="2020-03-11T16:53:09" time="1.075" tests="2">
    <testcase classname="Service Tests Logs Service Service methods should call correct URL" name="Service Tests Logs Service Service methods should call correct URL" time="0.026">
    </testcase>
    <testcase classname="Service Tests Logs Service Service methods should change log level" name="Service Tests Logs Service Service methods should change log level" time="0.018">
    </testcase>
  </testsuite>
  <testsuite name="Component Tests" errors="0" failures="0" skipped="0" timestamp="2020-03-11T16:53:09" time="1.572" tests="1">
    <testcase classname="Component Tests Novedades Management Detail Component OnInit Should call load all on init" name="Component Tests Novedades Management Detail Component OnInit Should call load all on init" time="0.067">
    </testcase>
  </testsuite>
  <testsuite name="Component Tests" errors="0" failures="0" skipped="0" timestamp="2020-03-11T16:53:10" time="1.38" tests="1">
    <testcase classname="Component Tests Peticion Management Detail Component OnInit Should call load all on init" name="Component Tests Peticion Management Detail Component OnInit Should call load all on init" time="0.067">
    </testcase>
  </testsuite>
  <testsuite name="Component Tests" errors="0" failures="0" skipped="0" timestamp="2020-03-11T16:53:10" time="1.392" tests="1">
    <testcase classname="Component Tests Telefono Management Detail Component OnInit Should call load all on init" name="Component Tests Telefono Management Detail Component OnInit Should call load all on init" time="0.057">
    </testcase>
  </testsuite>
  <testsuite name="Component Tests" errors="0" failures="0" skipped="0" timestamp="2020-03-11T16:53:11" time="1.351" tests="1">
    <testcase classname="Component Tests Turno Management Detail Component OnInit Should call load all on init" name="Component Tests Turno Management Detail Component OnInit Should call load all on init" time="0.059">
    </testcase>
  </testsuite>
  <testsuite name="Component Tests" errors="0" failures="0" skipped="0" timestamp="2020-03-11T16:53:12" time="1.751" tests="1">
    <testcase classname="Component Tests Cargo Management Detail Component OnInit Should call load all on init" name="Component Tests Cargo Management Detail Component OnInit Should call load all on init" time="0.205">
    </testcase>
  </testsuite>
</testsuites>